﻿00:00 +0: loading C:/Users/turga/Desktop/Guarden PW Manager/guarden/test/widget_test.dart
00:00 +0: App boots and renders initial shell
ÔòÉÔòÉÔòí EXCEPTION CAUGHT BY FLUTTER TEST FRAMEWORK ÔòŞÔòÉÔòÉÔòÉÔòÉÔòÉÔòÉÔòÉÔòÉÔòÉÔòÉÔòÉÔòÉÔòÉÔòÉÔòÉÔòÉÔòÉÔòÉÔòÉÔòÉÔòÉÔòÉÔòÉÔòÉÔòÉÔòÉÔòÉÔòÉÔòÉÔòÉÔòÉÔòÉÔòÉÔòÉÔòÉÔòÉÔòÉÔòÉÔòÉÔòÉÔòÉÔòÉÔòÉÔòÉÔòÉÔòÉÔòÉÔòÉÔòÉÔòÉÔòÉÔòÉ
The following HiveError was thrown running a test:
You need to initialize Hive or provide a path to store the box.

When the exception was thrown, this was the stack:
#0      BackendManager.open (package:hive/src/backend/vm/backend_manager.dart:21:7)
#1      HiveImpl._openBox (package:hive/src/hive_impl.dart:101:36)
#2      HiveImpl.openBox (package:hive/src/hive_impl.dart:142:18)
#3      SettingsService.init (package:guarden/services/settings_service.dart:25:25)
#4      SettingsNotifier._init (package:guarden/providers/settings_provider.dart:79:30)
#5      SettingsNotifier.build (package:guarden/providers/settings_provider.dart:74:18)
#6      AsyncNotifierProviderImpl.runNotifierBuild (package:riverpod/src/async_notifier/base.dart:146:43)
#7      AsyncNotifierProviderElement.create.<anonymous closure>.<anonymous closure> (package:riverpod/src/async_notifier/base.dart:547:26)
#8      FutureHandlerProviderElementMixin.handleFuture.<anonymous closure> (package:riverpod/src/async_notifier/base.dart:341:30)
#9      FutureHandlerProviderElementMixin._handleAsync (package:riverpod/src/async_notifier/base.dart:388:47)
#10     FutureHandlerProviderElementMixin.handleFuture (package:riverpod/src/async_notifier/base.dart:335:5)
#11     AsyncNotifierProviderElement.create.<anonymous closure> (package:riverpod/src/async_notifier/base.dart:546:9)
#12     ResultData.when (package:riverpod/src/result.dart:82:16)
#13     AsyncNotifierProviderElement.create (package:riverpod/src/async_notifier/base.dart:541:20)
#14     ProviderElementBase.buildState (package:riverpod/src/framework/element.dart:426:7)
#15     ProviderElementBase.mount (package:riverpod/src/framework/element.dart:228:5)
#16     _StateReader._create (package:riverpod/src/framework/container.dart:47:11)
#17     _StateReader.getElement (package:riverpod/src/framework/container.dart:35:52)
#18     ProviderContainer.readProviderElement (package:riverpod/src/framework/container.dart:479:19)
#19     ProviderElementBase._debugAssertCanDependOn.<anonymous closure> (package:riverpod/src/framework/element.dart:624:42)
#20     ProviderElementBase._debugAssertCanDependOn (package:riverpod/src/framework/element.dart:667:8)
#21     ProviderElementBase.watch (package:riverpod/src/framework/element.dart:714:12)
#22     themeModeProvider.<anonymous closure> (package:guarden/providers/theme_provider.dart:12:11)
#23     Provider._create (package:riverpod/src/provider/base.dart:59:57)
#24     ProviderElement.create (package:riverpod/src/provider/base.dart:345:23)
#25     ProviderElementBase.buildState (package:riverpod/src/framework/element.dart:426:7)
#26     ProviderElementBase.mount (package:riverpod/src/framework/element.dart:228:5)
#27     _StateReader._create (package:riverpod/src/framework/container.dart:47:11)
#28     _StateReader.getElement (package:riverpod/src/framework/container.dart:35:52)
#29     ProviderContainer.readProviderElement.<anonymous closure> (package:riverpod/src/framework/container.dart:440:40)
#30     ProviderContainer.readProviderElement (package:riverpod/src/framework/container.dart:475:8)
#31     ProviderBase.addListener (package:riverpod/src/framework/provider_base.dart:79:26)
#32     ProviderContainer.listen (package:riverpod/src/framework/container.dart:280:21)
#33     ConsumerStatefulElement.watch.<anonymous closure> (package:flutter_riverpod/src/consumer.dart:564:25)
#34     _LinkedHashMapMixin.putIfAbsent (dart:_compact_hash:674:23)
#35     ConsumerStatefulElement.watch (package:flutter_riverpod/src/consumer.dart:557:26)
#36     GuardenApp.build (package:guarden/main.dart:84:27)
#37     _ConsumerState.build (package:flutter_riverpod/src/consumer.dart:476:19)
#38     StatefulElement.build (package:flutter/src/widgets/framework.dart:5823:27)
#39     ConsumerStatefulElement.build (package:flutter_riverpod/src/consumer.dart:539:20)
#40     ComponentElement.performRebuild (package:flutter/src/widgets/framework.dart:5715:15)
#41     StatefulElement.performRebuild (package:flutter/src/widgets/framework.dart:5874:11)
#42     Element.rebuild (package:flutter/src/widgets/framework.dart:5427:7)
#43     ComponentElement._firstBuild (package:flutter/src/widgets/framework.dart:5697:5)
#44     StatefulElement._firstBuild (package:flutter/src/widgets/framework.dart:5865:11)
#45     ComponentElement.mount (package:flutter/src/widgets/framework.dart:5691:5)
...     Normal element mounting (21 frames)
#66     _UncontrolledProviderScopeElement.mount (package:flutter_riverpod/src/framework.dart:315:11)
...     Normal element mounting (9 frames)
#75     Element.inflateWidget (package:flutter/src/widgets/framework.dart:4539:16)
#76     Element.updateChild (package:flutter/src/widgets/framework.dart:3998:20)
#77     ComponentElement.performRebuild (package:flutter/src/widgets/framework.dart:5738:16)
#78     Element.rebuild (package:flutter/src/widgets/framework.dart:5427:7)
#79     ProxyElement.update (package:flutter/src/widgets/framework.dart:6041:5)
#80     _InheritedNotifierElement.update (package:flutter/src/widgets/inherited_notifier.dart:108:11)
#81     Element.updateChild (package:flutter/src/widgets/framework.dart:3982:15)
#82     ComponentElement.performRebuild (package:flutter/src/widgets/framework.dart:5738:16)
#83     StatefulElement.performRebuild (package:flutter/src/widgets/framework.dart:5874:11)
#84     Element.rebuild (package:flutter/src/widgets/framework.dart:5427:7)
#85     StatefulElement.update (package:flutter/src/widgets/framework.dart:5899:5)
#86     Element.updateChild (package:flutter/src/widgets/framework.dart:3982:15)
#87     ComponentElement.performRebuild (package:flutter/src/widgets/framework.dart:5738:16)
#88     Element.rebuild (package:flutter/src/widgets/framework.dart:5427:7)
#89     ProxyElement.update (package:flutter/src/widgets/framework.dart:6041:5)
#90     _InheritedNotifierElement.update (package:flutter/src/widgets/inherited_notifier.dart:108:11)
#91     Element.updateChild (package:flutter/src/widgets/framework.dart:3982:15)
#92     ComponentElement.performRebuild (package:flutter/src/widgets/framework.dart:5738:16)
#93     StatefulElement.performRebuild (package:flutter/src/widgets/framework.dart:5874:11)
#94     Element.rebuild (package:flutter/src/widgets/framework.dart:5427:7)
#95     StatefulElement.update (package:flutter/src/widgets/framework.dart:5899:5)
#96     Element.updateChild (package:flutter/src/widgets/framework.dart:3982:15)
#97     ComponentElement.performRebuild (package:flutter/src/widgets/framework.dart:5738:16)
#98     StatefulElement.performRebuild (package:flutter/src/widgets/framework.dart:5874:11)
#99     Element.rebuild (package:flutter/src/widgets/framework.dart:5427:7)
#100    StatefulElement.update (package:flutter/src/widgets/framework.dart:5899:5)
#101    Element.updateChild (package:flutter/src/widgets/framework.dart:3982:15)
#102    ComponentElement.performRebuild (package:flutter/src/widgets/framework.dart:5738:16)
#103    Element.rebuild (package:flutter/src/widgets/framework.dart:5427:7)
#104    ProxyElement.update (package:flutter/src/widgets/framework.dart:6041:5)
#105    Element.updateChild (package:flutter/src/widgets/framework.dart:3982:15)
#106    ComponentElement.performRebuild (package:flutter/src/widgets/framework.dart:5738:16)
#107    StatefulElement.performRebuild (package:flutter/src/widgets/framework.dart:5874:11)
#108    Element.rebuild (package:flutter/src/widgets/framework.dart:5427:7)
#109    StatefulElement.update (package:flutter/src/widgets/framework.dart:5899:5)
#110    Element.updateChild (package:flutter/src/widgets/framework.dart:3982:15)
#111    ComponentElement.performRebuild (package:flutter/src/widgets/framework.dart:5738:16)
#112    Element.rebuild (package:flutter/src/widgets/framework.dart:5427:7)
#113    ProxyElement.update (package:flutter/src/widgets/framework.dart:6041:5)
#114    Element.updateChild (package:flutter/src/widgets/framework.dart:3982:15)
#115    ComponentElement.performRebuild (package:flutter/src/widgets/framework.dart:5738:16)
#116    Element.rebuild (package:flutter/src/widgets/framework.dart:5427:7)
#117    ProxyElement.update (package:flutter/src/widgets/framework.dart:6041:5)
#118    Element.updateChild (package:flutter/src/widgets/framework.dart:3982:15)
#119    _RawViewElement._updateChild (package:flutter/src/widgets/view.dart:481:16)
#120    _RawViewElement.update (package:flutter/src/widgets/view.dart:569:5)
#121    Element.updateChild (package:flutter/src/widgets/framework.dart:3982:15)
#122    ComponentElement.performRebuild (package:flutter/src/widgets/framework.dart:5738:16)
#123    Element.rebuild (package:flutter/src/widgets/framework.dart:5427:7)
#124    StatelessElement.update (package:flutter/src/widgets/framework.dart:5787:5)
#125    Element.updateChild (package:flutter/src/widgets/framework.dart:3982:15)
#126    ComponentElement.performRebuild (package:flutter/src/widgets/framework.dart:5738:16)
#127    StatefulElement.performRebuild (package:flutter/src/widgets/framework.dart:5874:11)
#128    Element.rebuild (package:flutter/src/widgets/framework.dart:5427:7)
#129    StatefulElement.update (package:flutter/src/widgets/framework.dart:5899:5)
#130    Element.updateChild (package:flutter/src/widgets/framework.dart:3982:15)
#131    RootElement._rebuild (package:flutter/src/widgets/binding.dart:1698:16)
#132    RootElement.update (package:flutter/src/widgets/binding.dart:1676:5)
#133    RootElement.performRebuild (package:flutter/src/widgets/binding.dart:1690:7)
#134    Element.rebuild (package:flutter/src/widgets/framework.dart:5427:7)
#135    BuildScope._tryRebuild (package:flutter/src/widgets/framework.dart:2694:15)
#136    BuildScope._flushDirtyElements (package:flutter/src/widgets/framework.dart:2752:11)
#137    BuildOwner.buildScope (package:flutter/src/widgets/framework.dart:3056:18)
#138    AutomatedTestWidgetsFlutterBinding.drawFrame (package:flutter_test/src/binding.dart:1515:19)
#139    RendererBinding._handlePersistentFrameCallback (package:flutter/src/rendering/binding.dart:495:5)
#140    SchedulerBinding._invokeFrameCallback (package:flutter/src/scheduler/binding.dart:1438:15)
#141    SchedulerBinding.handleDrawFrame (package:flutter/src/scheduler/binding.dart:1351:9)
#142    AutomatedTestWidgetsFlutterBinding.pump.<anonymous closure> (package:flutter_test/src/binding.dart:1340:9)
#145    TestAsyncUtils.guard (package:flutter_test/src/test_async_utils.dart:74:41)
#146    AutomatedTestWidgetsFlutterBinding.pump (package:flutter_test/src/binding.dart:1329:27)
#147    WidgetTester.pumpWidget.<anonymous closure> (package:flutter_test/src/widget_tester.dart:599:22)
#150    TestAsyncUtils.guard (package:flutter_test/src/test_async_utils.dart:74:41)
#151    WidgetTester.pumpWidget (package:flutter_test/src/widget_tester.dart:596:27)
#152    main.<anonymous closure> (file:///C:/Users/turga/Desktop/Guarden%20PW%20Manager/guarden/test/widget_test.dart:10:18)
#153    testWidgets.<anonymous closure>.<anonymous closure> (package:flutter_test/src/widget_tester.dart:193:29)
<asynchronous suspension>
#154    TestWidgetsFlutterBinding._runTestBody (package:flutter_test/src/binding.dart:1064:5)
<asynchronous suspension>
<asynchronous suspension>
(elided 5 frames from dart:async and package:stack_trace)

The test description was:
  App boots and renders initial shell
ÔòÉÔòÉÔòÉÔòÉÔòÉÔòÉÔòÉÔòÉÔòÉÔòÉÔòÉÔòÉÔòÉÔòÉÔòÉÔòÉÔòÉÔòÉÔòÉÔòÉÔòÉÔòÉÔòÉÔòÉÔòÉÔòÉÔòÉÔòÉÔòÉÔòÉÔòÉÔòÉÔòÉÔòÉÔòÉÔòÉÔòÉÔòÉÔòÉÔòÉÔòÉÔòÉÔòÉÔòÉÔòÉÔòÉÔòÉÔòÉÔòÉÔòÉÔòÉÔòÉÔòÉÔòÉÔòÉÔòÉÔòÉÔòÉÔòÉÔòÉÔòÉÔòÉÔòÉÔòÉÔòÉÔòÉÔòÉÔòÉÔòÉÔòÉÔòÉÔòÉÔòÉÔòÉÔòÉÔòÉÔòÉÔòÉÔòÉÔòÉÔòÉÔòÉÔòÉÔòÉÔòÉÔòÉÔòÉÔòÉÔòÉÔòÉÔòÉÔòÉÔòÉÔòÉÔòÉÔòÉÔòÉÔòÉÔòÉÔòÉ
00:01 +0 -1: App boots and renders initial shell [E]
  Test failed. See exception logs above.
  The test description was: App boots and renders initial shell
  
Global AppError Handled: DatabaseError: Failed to load settings: DatabaseError: Settings box init failed: HiveError: You need to initialize Hive or provide a path to store the box.
TELEMETRY ERROR: DatabaseError: Failed to load settings: DatabaseError: Settings box init failed: HiveError: You need to initialize Hive or provide a path to store the box.
Pending timers:
Timer (duration: 0:00:00.800000, periodic: false), created:
#0      new FakeTimer._ (package:fake_async/fake_async.dart:342:62)
#1      FakeAsync._createTimer (package:fake_async/fake_async.dart:260:29)
#2      FakeAsync.run.<anonymous closure> (package:fake_async/fake_async.dart:185:15)
#6      _SplashScreenState.initState (package:guarden/screens/splash_screen.dart:34:14)
#7      StatefulElement._firstBuild (package:flutter/src/widgets/framework.dart:5842:55)
#8      ComponentElement.mount (package:flutter/src/widgets/framework.dart:5691:5)
...     Normal element mounting (234 frames)
#242    Element.inflateWidget (package:flutter/src/widgets/framework.dart:4539:16)
#243    MultiChildRenderObjectElement.inflateWidget (package:flutter/src/widgets/framework.dart:7159:36)
#244    MultiChildRenderObjectElement.mount (package:flutter/src/widgets/framework.dart:7175:32)
...     Normal element mounting (503 frames)
#747    _UncontrolledProviderScopeElement.mount (package:flutter_riverpod/src/framework.dart:315:11)
...     Normal element mounting (9 frames)
#756    Element.inflateWidget (package:flutter/src/widgets/framework.dart:4539:16)
#757    Element.updateChild (package:flutter/src/widgets/framework.dart:3998:20)
#758    ComponentElement.performRebuild (package:flutter/src/widgets/framework.dart:5738:16)
#759    Element.rebuild (package:flutter/src/widgets/framework.dart:5427:7)
#760    ProxyElement.update (package:flutter/src/widgets/framework.dart:6041:5)
#761    _InheritedNotifierElement.update (package:flutter/src/widgets/inherited_notifier.dart:108:11)
#762    Element.updateChild (package:flutter/src/widgets/framework.dart:3982:15)
#763    ComponentElement.performRebuild (package:flutter/src/widgets/framework.dart:5738:16)
#764    StatefulElement.performRebuild (package:flutter/src/widgets/framework.dart:5874:11)
#765    Element.rebuild (package:flutter/src/widgets/framework.dart:5427:7)
#766    StatefulElement.update (package:flutter/src/widgets/framework.dart:5899:5)
#767    Element.updateChild (package:flutter/src/widgets/framework.dart:3982:15)
#768    ComponentElement.performRebuild (package:flutter/src/widgets/framework.dart:5738:16)
#769    Element.rebuild (package:flutter/src/widgets/framework.dart:5427:7)
#770    ProxyElement.update (package:flutter/src/widgets/framework.dart:6041:5)
#771    _InheritedNotifierElement.update (package:flutter/src/widgets/inherited_notifier.dart:108:11)
#772    Element.updateChild (package:flutter/src/widgets/framework.dart:3982:15)
#773    ComponentElement.performRebuild (package:flutter/src/widgets/framework.dart:5738:16)
#774    StatefulElement.performRebuild (package:flutter/src/widgets/framework.dart:5874:11)
#775    Element.rebuild (package:flutter/src/widgets/framework.dart:5427:7)
#776    StatefulElement.update (package:flutter/src/widgets/framework.dart:5899:5)
#777    Element.updateChild (package:flutter/src/widgets/framework.dart:3982:15)
#778    ComponentElement.performRebuild (package:flutter/src/widgets/framework.dart:5738:16)
#779    StatefulElement.performRebuild (package:flutter/src/widgets/framework.dart:5874:11)
#780    Element.rebuild (package:flutter/src/widgets/framework.dart:5427:7)
#781    StatefulElement.update (package:flutter/src/widgets/framework.dart:5899:5)
#782    Element.updateChild (package:flutter/src/widgets/framework.dart:3982:15)
#783    ComponentElement.performRebuild (package:flutter/src/widgets/framework.dart:5738:16)
#784    Element.rebuild (package:flutter/src/widgets/framework.dart:5427:7)
#785    ProxyElement.update (package:flutter/src/widgets/framework.dart:6041:5)
#786    Element.updateChild (package:flutter/src/widgets/framework.dart:3982:15)
#787    ComponentElement.performRebuild (package:flutter/src/widgets/framework.dart:5738:16)
#788    StatefulElement.performRebuild (package:flutter/src/widgets/framework.dart:5874:11)
#789    Element.rebuild (package:flutter/src/widgets/framework.dart:5427:7)
#790    StatefulElement.update (package:flutter/src/widgets/framework.dart:5899:5)
#791    Element.updateChild (package:flutter/src/widgets/framework.dart:3982:15)
#792    ComponentElement.performRebuild (package:flutter/src/widgets/framework.dart:5738:16)
#793    Element.rebuild (package:flutter/src/widgets/framework.dart:5427:7)
#794    ProxyElement.update (package:flutter/src/widgets/framework.dart:6041:5)
#795    Element.updateChild (package:flutter/src/widgets/framework.dart:3982:15)
#796    ComponentElement.performRebuild (package:flutter/src/widgets/framework.dart:5738:16)
#797    Element.rebuild (package:flutter/src/widgets/framework.dart:5427:7)
#798    ProxyElement.update (package:flutter/src/widgets/framework.dart:6041:5)
#799    Element.updateChild (package:flutter/src/widgets/framework.dart:3982:15)
#800    _RawViewElement._updateChild (package:flutter/src/widgets/view.dart:481:16)
#801    _RawViewElement.update (package:flutter/src/widgets/view.dart:569:5)
#802    Element.updateChild (package:flutter/src/widgets/framework.dart:3982:15)
#803    ComponentElement.performRebuild (package:flutter/src/widgets/framework.dart:5738:16)
#804    Element.rebuild (package:flutter/src/widgets/framework.dart:5427:7)
#805    StatelessElement.update (package:flutter/src/widgets/framework.dart:5787:5)
#806    Element.updateChild (package:flutter/src/widgets/framework.dart:3982:15)
#807    ComponentElement.performRebuild (package:flutter/src/widgets/framework.dart:5738:16)
#808    StatefulElement.performRebuild (package:flutter/src/widgets/framework.dart:5874:11)
#809    Element.rebuild (package:flutter/src/widgets/framework.dart:5427:7)
#810    StatefulElement.update (package:flutter/src/widgets/framework.dart:5899:5)
#811    Element.updateChild (package:flutter/src/widgets/framework.dart:3982:15)
#812    RootElement._rebuild (package:flutter/src/widgets/binding.dart:1698:16)
#813    RootElement.update (package:flutter/src/widgets/binding.dart:1676:5)
#814    RootElement.performRebuild (package:flutter/src/widgets/binding.dart:1690:7)
#815    Element.rebuild (package:flutter/src/widgets/framework.dart:5427:7)
#816    BuildScope._tryRebuild (package:flutter/src/widgets/framework.dart:2694:15)
#817    BuildScope._flushDirtyElements (package:flutter/src/widgets/framework.dart:2752:11)
#818    BuildOwner.buildScope (package:flutter/src/widgets/framework.dart:3056:18)
#819    AutomatedTestWidgetsFlutterBinding.drawFrame (package:flutter_test/src/binding.dart:1515:19)
#820    RendererBinding._handlePersistentFrameCallback (package:flutter/src/rendering/binding.dart:495:5)
#821    SchedulerBinding._invokeFrameCallback (package:flutter/src/scheduler/binding.dart:1438:15)
#822    SchedulerBinding.handleDrawFrame (package:flutter/src/scheduler/binding.dart:1351:9)
#823    AutomatedTestWidgetsFlutterBinding.pump.<anonymous closure> (package:flutter_test/src/binding.dart:1340:9)
#826    TestAsyncUtils.guard (package:flutter_test/src/test_async_utils.dart:74:41)
#827    AutomatedTestWidgetsFlutterBinding.pump (package:flutter_test/src/binding.dart:1329:27)
#828    WidgetTester.pumpWidget.<anonymous closure> (package:flutter_test/src/widget_tester.dart:599:22)
#831    TestAsyncUtils.guard (package:flutter_test/src/test_async_utils.dart:74:41)
#832    WidgetTester.pumpWidget (package:flutter_test/src/widget_tester.dart:596:27)
#833    main.<anonymous closure> (file:///C:/Users/turga/Desktop/Guarden%20PW%20Manager/guarden/test/widget_test.dart:10:18)
#834    testWidgets.<anonymous closure>.<anonymous closure> (package:flutter_test/src/widget_tester.dart:193:29)
<asynchronous suspension>
#835    TestWidgetsFlutterBinding._runTestBody (package:flutter_test/src/binding.dart:1064:5)
<asynchronous suspension>
<asynchronous suspension>
(elided 8 frames from dart:async and package:stack_trace)

ÔòÉÔòÉÔòí EXCEPTION CAUGHT BY FLUTTER TEST FRAMEWORK ÔòŞÔòÉÔòÉÔòÉÔòÉÔòÉÔòÉÔòÉÔòÉÔòÉÔòÉÔòÉÔòÉÔòÉÔòÉÔòÉÔòÉÔòÉÔòÉÔòÉÔòÉÔòÉÔòÉÔòÉÔòÉÔòÉÔòÉÔòÉÔòÉÔòÉÔòÉÔòÉÔòÉÔòÉÔòÉÔòÉÔòÉÔòÉÔòÉÔòÉÔòÉÔòÉÔòÉÔòÉÔòÉÔòÉÔòÉÔòÉÔòÉÔòÉÔòÉÔòÉÔòÉ
The following assertion was thrown running a test (but after the test had completed):
A Timer is still pending even after the widget tree was disposed.
'package:flutter_test/src/binding.dart':
Failed assertion: line 1626 pos 12: '!timersPending'

When the exception was thrown, this was the stack:
#2      AutomatedTestWidgetsFlutterBinding._verifyInvariants (package:flutter_test/src/binding.dart:1626:12)
#3      TestWidgetsFlutterBinding._runTestBody (package:flutter_test/src/binding.dart:1083:7)
<asynchronous suspension>
<asynchronous suspension>
(elided 3 frames from class _AssertionError and package:stack_trace)
ÔòÉÔòÉÔòÉÔòÉÔòÉÔòÉÔòÉÔòÉÔòÉÔòÉÔòÉÔòÉÔòÉÔòÉÔòÉÔòÉÔòÉÔòÉÔòÉÔòÉÔòÉÔòÉÔòÉÔòÉÔòÉÔòÉÔòÉÔòÉÔòÉÔòÉÔòÉÔòÉÔòÉÔòÉÔòÉÔòÉÔòÉÔòÉÔòÉÔòÉÔòÉÔòÉÔòÉÔòÉÔòÉÔòÉÔòÉÔòÉÔòÉÔòÉÔòÉÔòÉÔòÉÔòÉÔòÉÔòÉÔòÉÔòÉÔòÉÔòÉÔòÉÔòÉÔòÉÔòÉÔòÉÔòÉÔòÉÔòÉÔòÉÔòÉÔòÉÔòÉÔòÉÔòÉÔòÉÔòÉÔòÉÔòÉÔòÉÔòÉÔòÉÔòÉÔòÉÔòÉÔòÉÔòÉÔòÉÔòÉÔòÉÔòÉÔòÉÔòÉÔòÉÔòÉÔòÉÔòÉÔòÉÔòÉÔòÉÔòÉ
  Test failed. See exception logs above.
  The test description was: App boots and renders initial shell
  
00:01 +0 -1: Some tests failed.
